⚠ lucro por decil indisponível: 'str' object has no attribute 'get'

LF64  cap 2026-08-07→2026-08-17  vendas 2026-08-24→2026-08-30  estado=venda_fechada_imatura
referência 2026-08-31T06:34  fator 1.2000 (tracking)  crédito 0.4329  régua 5d158f0a
cadastros 10,193  unidades 143  campanhas 42
gasto Meta R$ 78,182.01  casado por unidade R$ 75,733.47  (96.9%)
sem criativo 175  macro quebrada 107  ids não resolvidos 0

⚠ PRODUTOS FORA DA RÉGUA (vendidos na janela, sem padrão no yaml):
   DevClub Vitalício  [tmb]  n=2  R$ 3,280.00
   MBA IA & Negócios  [guru]  n=1  R$ 4,000.00
   MBA IA e Automações para Negócios  [tmb]  n=1  R$ 5,570.00
   None  [asaas]  n=1  R$ 116.66
   Parcela 2 de 9  [boletex]  n=1  R$ 191.54
   Parcela 3 de 10. Parcelamento 11x - Plano DevClub Padrão (inclui order bump) (RENEGOCIAÇÃO)  [boletex]  n=1  R$ 269.75
   ★ FrontEnd Club  [guru]  n=1  R$ 597.00
   → decidir com o dono se entram, antes de publicar faturamento.

teto (MEDIDO): 22 unidades julgáveis (cortes ≥100 leads e ≥R$ 300) — dentro 1 (R$ 784.85) · acima 21 (R$ 54,175.45)
  dentro: vendas 2  ROAS 4.33  lucro R$ 2,611.40  | bateu meta 1  lucro>1000 1  positivo 1
   acima: vendas 55  ROAS 1.53  lucro R$ 28,809.34  | bateu meta 8  lucro>1000 10  positivo 11
  Fisher p=0.3454  Mann-Whitney p=0.10631369844683053

separação do modelo por público (conversão D9-D10 vs D1-D8, respondentes):
  frio                   leads   7,008  topo 1.93%  base 0.62%  lift 3.13x
  Google                 leads   1,303  topo 1.39%  base 0.53%  lift 2.62x
  Meta, sem público no nome leads     151  topo 3.51%  base 1.06%  lift 3.30x
  orgânico / sem rastro  leads     139  topo 6.94%  base 0.00%  lift —
  quente                 leads       5  topo 0.00%  base 0.00%  lift —

contrato congelado em docs/relatorios/lf64_resultado/contrato.json  (184,635 bytes)
comparativo: /Users/ramonmoreira/Desktop/bring_data/V2/docs/relatorios/lf64_resultado/comparativo.html  (2,988 bytes)
xlsx:   docs/relatorios/lf64_resultado/criativos_por_tipo_lf64.xlsx  (46 linhas, completo, formatado)
painel: docs/relatorios/lf64_resultado/painel_lf64.html  (48,069 bytes)
✓ painel do LF64 em docs/relatorios/lf64_resultado
