[launch_calendar_reader] 31 LFs lidos da tabela (client_id=devclub)
[launch_calendar_reader] 31 LFs lidos da tabela (client_id=devclub)
[ledger_connection] leitura do ledger via fonte=cloudsql
[criativo_historico] 598 criativos · 18 lançamentos fechados · 242353 leads · 1900 compradores
[teto_por_chave] 71 unidades campanha×conjunto×criativo
[teto_por_chave] tetos: 43 criativos · 34 campanhas · 71 unidades · 71 unidades-conjunto
 Matching unificado (VALIDAÇÃO) - EMAIL + TELEFONE + ÚLTIMOS 6 DÍGITOS
   Leads: 5,767
   Vendas: 1,444
   Índices criados: emails=1,239 tel_full=1,166 last6=1,181
    Matching concluído: 57 matches (0.99%)
      Email: 49 | Tel: 5 | Last6: 3
 Matching unificado (VALIDAÇÃO) - EMAIL + TELEFONE + ÚLTIMOS 6 DÍGITOS
   Leads: 7,156
   Vendas: 123
   Índices criados: emails=123 tel_full=112 last6=114
    Matching concluído: 53 matches (0.74%)
      Email: 46 | Tel: 7 | Last6: 0
[lancamento_unidades] 71 entradas do teto fundidas em 55 unidades reais (utm com id puro)
 Matching unificado (VALIDAÇÃO) - EMAIL + TELEFONE + ÚLTIMOS 6 DÍGITOS
   Leads: 45,689
   Vendas: 70
   Índices criados: emails=70 tel_full=66 last6=68
    Matching concluído: 19 matches (0.04%)
      Email: 10 | Tel: 5 | Last6: 4
[ledger_connection] leitura do ledger via fonte=cloudsql
 Matching unificado (VALIDAÇÃO) - EMAIL + TELEFONE + ÚLTIMOS 6 DÍGITOS
   Leads: 5,767
   Vendas: 599
   Índices criados: emails=540 tel_full=504 last6=511
    Matching concluído: 50 matches (0.87%)
      Email: 46 | Tel: 4 | Last6: 0

LF57  cap 2026-06-01→2026-06-07  vendas 2026-06-15→2026-06-21  estado=maduro
referência 2026-08-31T06:34  fator 1.2000 (tracking)  crédito 0.4329  régua 5d158f0a
cadastros 7,156  unidades 55  campanhas 27
gasto Meta R$ 56,533.98  casado por unidade R$ 55,835.93  (98.8%)
sem criativo 83  macro quebrada 53  ids não resolvidos 1

⚠ PRODUTOS FORA DA RÉGUA (vendidos na janela, sem padrão no yaml):
   Acesso Fullstack Vitalício + ClubHub + Plano Dev  [boletex]  n=2  R$ 3,850.08
   Club Hub  [guru]  n=2  R$ 994.00
   DevClub Vitalício + Plano Dev + 3 meses de Club Hub  [guru]  n=2  R$ 2,994.00
   None  [asaas]  n=56  R$ 12,562.26
   Plano Dev - DevClub Vitalício  [tmb]  n=2  R$ 7,001.40
   [COMBO] DevClub + Plano Dev + ClubHub (1 ano de acesso)  [guru]  n=1  R$ 497.00
   → decidir com o dono se entram, antes de publicar faturamento.

teto (MEDIDO): 19 unidades julgáveis (corte ≥R$ 300 de gasto) — dentro 0 (R$ 0.00) · acima 19 (R$ 53,563.83)
  dentro: vendas None  ROAS —  lucro R$ —  | bateu meta None  lucro>1000 None  positivo None
   acima: vendas 43  ROAS 1.27  lucro R$ 14,541.14  | bateu meta 4  lucro>1000 5  positivo 6

separação do modelo por público (conversão D9-D10 vs D1-D8, respondentes):
  frio                   leads   4,670  topo 1.26%  base 0.65%  lift 1.94x
  Google                 leads     914  topo 1.83%  base 0.27%  lift 6.71x
  Meta, sem público no nome leads      99  topo 0.00%  base 0.00%  lift —
  orgânico / sem rastro  leads      84  topo 6.12%  base 2.86%  lift 2.14x

contrato congelado em docs/relatorios/_corrida/LF57/contrato.json  (92,713 bytes)
