[launch_calendar_reader] 31 LFs lidos da tabela (client_id=devclub)
[launch_calendar_reader] 31 LFs lidos da tabela (client_id=devclub)
[ledger_connection] leitura do ledger via fonte=cloudsql
[criativo_historico] 598 criativos · 18 lançamentos fechados · 242353 leads · 1900 compradores
[teto_por_chave] 40 unidades campanha×conjunto×criativo
[teto_por_chave] tetos: 25 criativos · 16 campanhas · 40 unidades · 40 unidades-conjunto
 Matching unificado (VALIDAÇÃO) - EMAIL + TELEFONE + ÚLTIMOS 6 DÍGITOS
   Leads: 8,208
   Vendas: 1,615
   Índices criados: emails=1,434 tel_full=1,336 last6=1,354
    Matching concluído: 78 matches (0.95%)
      Email: 52 | Tel: 11 | Last6: 15
 Matching unificado (VALIDAÇÃO) - EMAIL + TELEFONE + ÚLTIMOS 6 DÍGITOS
   Leads: 9,920
   Vendas: 114
   Índices criados: emails=109 tel_full=101 last6=103
    Matching concluído: 48 matches (0.48%)
      Email: 38 | Tel: 8 | Last6: 2
[lancamento_unidades] 40 entradas do teto fundidas em 31 unidades reais (utm com id puro)
 Matching unificado (VALIDAÇÃO) - EMAIL + TELEFONE + ÚLTIMOS 6 DÍGITOS
   Leads: 52,710
   Vendas: 57
   Índices criados: emails=56 tel_full=54 last6=55
    Matching concluído: 14 matches (0.03%)
      Email: 8 | Tel: 4 | Last6: 2
[ledger_connection] leitura do ledger via fonte=cloudsql
 Matching unificado (VALIDAÇÃO) - EMAIL + TELEFONE + ÚLTIMOS 6 DÍGITOS
   Leads: 8,208
   Vendas: 550
   Índices criados: emails=496 tel_full=458 last6=466
    Matching concluído: 59 matches (0.72%)
      Email: 46 | Tel: 9 | Last6: 4

LF58  cap 2026-06-08→2026-06-14  vendas 2026-06-22→2026-06-28  estado=maduro
referência 2026-08-31T06:34  fator 1.2000 (tracking)  crédito 0.4329  régua 5d158f0a
cadastros 9,920  unidades 31  campanhas 11
gasto Meta R$ 71,884.98  casado por unidade R$ 69,631.13  (96.9%)
sem criativo 104  macro quebrada 95  ids não resolvidos 0

⚠ PRODUTOS FORA DA RÉGUA (vendidos na janela, sem padrão no yaml):
   Acesso Fullstack Vitalício + ClubHub + Plano Dev  [boletex]  n=3  R$ 542.51
   Cobrança gerada automaticamente a partir de Pix recebido.  [boletex]  n=1  R$ 0.50
   Cobrança gerada e recebida automaticamente devido ao pagamento em duplicidade da cobrança Nr. 766476002  [boletex]  n=1  R$ 209.00
   None  [asaas]  n=50  R$ 11,178.08
   → decidir com o dono se entram, antes de publicar faturamento.

teto (MEDIDO): 12 unidades julgáveis (corte ≥R$ 300 de gasto) — dentro 1 (R$ 689.91) · acima 11 (R$ 67,777.15)
  dentro: vendas 0  ROAS 0.00  lucro R$ -689.91  | bateu meta 0  lucro>1000 0  positivo 0
   acima: vendas 31  ROAS 0.70  lucro R$ -20,575.40  | bateu meta 1  lucro>1000 2  positivo 3
  Fisher p=1.0000  Mann-Whitney p=0.5182416111597716

separação do modelo por público (conversão D9-D10 vs D1-D8, respondentes):
  frio                   leads   7,017  topo 1.00%  base 0.51%  lift 1.96x
  Google                 leads     970  topo 2.12%  base 1.49%  lift 1.42x
  Meta, sem público no nome leads     112  topo 0.00%  base 1.96%  lift 0.00x
  orgânico / sem rastro  leads     109  topo 9.68%  base 2.13%  lift 4.55x

contrato congelado em docs/relatorios/_corrida/LF58/contrato.json  (57,527 bytes)
