[launch_calendar_reader] 31 LFs lidos da tabela (client_id=devclub)
[launch_calendar_reader] 31 LFs lidos da tabela (client_id=devclub)
[ledger_connection] leitura do ledger via fonte=cloudsql
[criativo_historico] 674 criativos · 19 lançamentos fechados · 250139 leads · 1967 compradores
[teto_por_chave] 55 unidades campanha×conjunto×criativo
[teto_por_chave] tetos: 45 criativos · 17 campanhas · 55 unidades · 55 unidades-conjunto
 Matching unificado (VALIDAÇÃO) - EMAIL + TELEFONE + ÚLTIMOS 6 DÍGITOS
   Leads: 6,164
   Vendas: 1,441
   Índices criados: emails=1,296 tel_full=1,210 last6=1,226
    Matching concluído: 48 matches (0.78%)
      Email: 36 | Tel: 6 | Last6: 6
 Matching unificado (VALIDAÇÃO) - EMAIL + TELEFONE + ÚLTIMOS 6 DÍGITOS
   Leads: 8,381
   Vendas: 61
   Índices criados: emails=55 tel_full=51 last6=53
    Matching concluído: 39 matches (0.47%)
      Email: 34 | Tel: 5 | Last6: 0
[lancamento_unidades] 55 entradas do teto fundidas em 49 unidades reais (utm com id puro)
 Matching unificado (VALIDAÇÃO) - EMAIL + TELEFONE + ÚLTIMOS 6 DÍGITOS
   Leads: 62,412
   Vendas: 22
   Índices criados: emails=21 tel_full=19 last6=21
    Matching concluído: 5 matches (0.01%)
      Email: 2 | Tel: 2 | Last6: 1
[ledger_connection] leitura do ledger via fonte=cloudsql
 Matching unificado (VALIDAÇÃO) - EMAIL + TELEFONE + ÚLTIMOS 6 DÍGITOS
   Leads: 6,164
   Vendas: 740
   Índices criados: emails=662 tel_full=627 last6=637
    Matching concluído: 42 matches (0.68%)
      Email: 35 | Tel: 4 | Last6: 3

LF59  cap 2026-06-15→2026-06-21  vendas 2026-06-29→2026-07-05  estado=maduro
referência 2026-08-31T06:34  fator 1.2000 (tracking)  crédito 0.4329  régua 5d158f0a
cadastros 8,381  unidades 49  campanhas 12
gasto Meta R$ 55,911.70  casado por unidade R$ 55,814.90  (99.8%)
sem criativo 105  macro quebrada 91  ids não resolvidos 2

⚠ PRODUTOS FORA DA RÉGUA (vendidos na janela, sem padrão no yaml):
   Acesso Fullstack Vitalício + ClubHub + Plano Dev  [boletex]  n=3  R$ 2,254.96
   Club Hub  [guru]  n=2  R$ 994.00
   Club Hub - Com 1 ano de acesso (75% OFF) Comercial  [boletex]  n=3  R$ 1,977.00
   Club Hub - Oficial  [guru]  n=2  R$ 994.00
   DevClub Vitalício  [tmb]  n=2  R$ 2,597.23
   DevClub Vitalício + Plano Dev + 3 meses de Club Hub  [guru]  n=6  R$ 8,482.00
   None  [asaas]  n=4  R$ 625.40
   Parcela 1 de 1  [boletex]  n=1  R$ 1,786.81
   Parcela 1 de 11  [boletex]  n=2  R$ 334.57
   Parcela 1 de 9  [boletex]  n=2  R$ 385.08
   Parcela 2 de 11  [boletex]  n=1  R$ 6.55
   → decidir com o dono se entram, antes de publicar faturamento.

teto (MEDIDO): 11 unidades julgáveis (corte ≥R$ 300 de gasto) — dentro 0 (R$ 0.00) · acima 11 (R$ 55,116.26)
  dentro: vendas None  ROAS —  lucro R$ —  | bateu meta None  lucro>1000 None  positivo None
   acima: vendas 28  ROAS 0.80  lucro R$ -11,231.36  | bateu meta 2  lucro>1000 2  positivo 3

separação do modelo por público (conversão D9-D10 vs D1-D8, respondentes):
  frio                   leads   4,908  topo 0.83%  base 0.46%  lift 1.81x
  Google                 leads   1,078  topo 0.80%  base 1.11%  lift 0.72x
  orgânico / sem rastro  leads     106  topo 8.20%  base 4.44%  lift 1.84x
  Meta, sem público no nome leads      72  topo 0.00%  base 0.00%  lift —

contrato congelado em docs/relatorios/_corrida/LF59/contrato.json  (81,039 bytes)
