[launch_calendar_reader] 31 LFs lidos da tabela (client_id=devclub)
[launch_calendar_reader] 31 LFs lidos da tabela (client_id=devclub)
[ledger_connection] leitura do ledger via fonte=cloudsql
[criativo_historico] 710 criativos · 20 lançamentos fechados · 257221 leads · 2021 compradores
[teto_por_chave] 42 unidades campanha×conjunto×criativo
[teto_por_chave] tetos: 34 criativos · 17 campanhas · 42 unidades · 42 unidades-conjunto
 Matching unificado (VALIDAÇÃO) - EMAIL + TELEFONE + ÚLTIMOS 6 DÍGITOS
   Leads: 10,157
   Vendas: 1,421
   Índices criados: emails=1,277 tel_full=1,173 last6=1,188
    Matching concluído: 93 matches (0.92%)
      Email: 71 | Tel: 8 | Last6: 14
 Matching unificado (VALIDAÇÃO) - EMAIL + TELEFONE + ÚLTIMOS 6 DÍGITOS
   Leads: 12,187
   Vendas: 95
   Índices criados: emails=91 tel_full=82 last6=82
    Matching concluído: 66 matches (0.54%)
      Email: 56 | Tel: 10 | Last6: 0
[lancamento_unidades] 42 entradas do teto fundidas em 36 unidades reais (utm com id puro)
 Matching unificado (VALIDAÇÃO) - EMAIL + TELEFONE + ÚLTIMOS 6 DÍGITOS
   Leads: 64,011
   Vendas: 26
   Índices criados: emails=25 tel_full=22 last6=22
    Matching concluído: 10 matches (0.02%)
      Email: 6 | Tel: 2 | Last6: 2
[ledger_connection] leitura do ledger via fonte=cloudsql
 Matching unificado (VALIDAÇÃO) - EMAIL + TELEFONE + ÚLTIMOS 6 DÍGITOS
   Leads: 10,157
   Vendas: 799
   Índices criados: emails=703 tel_full=661 last6=671
    Matching concluído: 76 matches (0.75%)
      Email: 64 | Tel: 8 | Last6: 4

LF60  cap 2026-06-22→2026-06-29  vendas 2026-07-06→2026-07-12  estado=maduro
referência 2026-08-31T06:34  fator 1.2000 (tracking)  crédito 0.4329  régua 5d158f0a
cadastros 12,187  unidades 36  campanhas 10
gasto Meta R$ 63,803.02  casado por unidade R$ 63,767.92  (99.9%)
sem criativo 137  macro quebrada 155  ids não resolvidos 0

⚠ PRODUTOS FORA DA RÉGUA (vendidos na janela, sem padrão no yaml):
   Club Hub  [guru]  n=1  R$ 497.00
   Cobrança gerada e recebida automaticamente devido ao pagamento em duplicidade da cobrança Nr. 807508389  [boletex]  n=1  R$ 281.57
   DevClub Vitalício  [tmb]  n=1  R$ 1,497.00
   DevClub Vitalício + Plano Dev + 3 meses de Club Hub  [guru]  n=2  R$ 2,494.00
   None  [asaas]  n=2  R$ 320.14
   Operação 50k + Acesso Vitalício a Formação FullStack DevClub  [guru]  n=237  R$ 218,793.00
   Operação 50k + Acesso Vitalício ao DevClub  [tmb]  n=66  R$ 127,380.00
   [COMBO] DevClub + Plano Dev + ClubHub (1 ano de acesso)  [guru]  n=1  R$ 497.00
   → decidir com o dono se entram, antes de publicar faturamento.

teto (MEDIDO): 8 unidades julgáveis (corte ≥R$ 300 de gasto) — dentro 2 (R$ 43,261.33) · acima 6 (R$ 20,072.35)
  dentro: vendas 35  ROAS 1.25  lucro R$ 10,964.45  | bateu meta 1  lucro>1000 2  positivo 2
   acima: vendas 11  ROAS 0.69  lucro R$ -6,276.71  | bateu meta 0  lucro>1000 0  positivo 0
  Fisher p=0.7251  Mann-Whitney p=0.05078604537182736

separação do modelo por público (conversão D9-D10 vs D1-D8, respondentes):
  frio                   leads   8,407  topo 1.14%  base 0.60%  lift 1.91x
  Google                 leads   1,459  topo 1.89%  base 1.31%  lift 1.45x
  Meta, sem público no nome leads     166  topo 2.53%  base 0.00%  lift —
  orgânico / sem rastro  leads     125  topo 1.23%  base 2.27%  lift 0.54x

contrato congelado em docs/relatorios/_corrida/LF60/contrato.json  (63,754 bytes)
