[launch_calendar_reader] 31 LFs lidos da tabela (client_id=devclub)
 Buscando vendas Guru via API (2026-09-01 a 2026-09-01)
 Total de transações buscadas: 0
 Nenhuma venda retornada da API Guru
  guru:    0 vendas
 Carregando vendas Hotmart via API (2026-09-01 → 2026-09-01)
   0 transações brutas obtidas da API Hotmart
  hotmart: 0 vendas
 Buscando pagamentos Asaas de 2026-09-01 a 2026-09-01 (por clientPaymentDate)...
 Total de pagamentos pagos encontrados: 0
 Nenhum pagamento Asaas encontrado no período.
    Cache SAVED Asaas: asaas_2026-09-01_2026-09-01.parquet
  asaas:   0 vendas
 Buscando vendas Boletex via API (2026-09-01 → 2026-09-01)
 Boletex: 0 vendas brutas (2026-09-01 → 2026-09-01)
  boletex: 0 vendas
 Buscando vendas TMB via API (2026-09-01 → 2026-09-01)
[tmb_api] 2 pedidos Efetivados (2026-09-01→2026-09-01)
    Cache SAVED TMB API: tmb_api_2026-09-01_2026-09-01.parquet
  tmb:     2 vendas
Total carregado: 2 vendas → upsert em analytics.sales
[sales_store] {'attempted': 2, 'inserted': 0, 'skipped': 2, 'filtered': 0, 'intra_dup': 0, 'by_gateway': {'tmb': 2}}
ETL concluído: 0 inseridas, 2 já existiam (de 2). Por gateway: {'tmb': 2}
[launch_calendar_reader] 31 LFs lidos da tabela (client_id=devclub)
[ledger_connection] leitura do ledger via fonte=cloudsql
[criativo_historico] 724 criativos · 21 lançamentos fechados · 267028 leads · 2072 compradores
[teto_por_chave] 23 unidades campanha×conjunto×criativo
[teto_por_chave] tetos: 18 criativos · 10 campanhas · 23 unidades · 23 unidades-conjunto
 Matching unificado (VALIDAÇÃO) - EMAIL + TELEFONE + ÚLTIMOS 6 DÍGITOS
   Leads: 8,282
   Vendas: 1,371
   Índices criados: emails=1,243 tel_full=1,126 last6=1,139
    Matching concluído: 89 matches (1.07%)
      Email: 63 | Tel: 18 | Last6: 8
 Matching unificado (VALIDAÇÃO) - EMAIL + TELEFONE + ÚLTIMOS 6 DÍGITOS
   Leads: 9,589
   Vendas: 74
   Índices criados: emails=69 tel_full=59 last6=59
    Matching concluído: 58 matches (0.60%)
      Email: 46 | Tel: 11 | Last6: 1
[lancamento_unidades] 23 entradas do teto fundidas em 19 unidades reais (utm com id puro)
 Matching unificado (VALIDAÇÃO) - EMAIL + TELEFONE + ÚLTIMOS 6 DÍGITOS
   Leads: 63,749
   Vendas: 18
   Índices criados: emails=18 tel_full=15 last6=15
    Matching concluído: 4 matches (0.01%)
      Email: 3 | Tel: 1 | Last6: 0
[ledger_connection] leitura do ledger via fonte=cloudsql
 Matching unificado (VALIDAÇÃO) - EMAIL + TELEFONE + ÚLTIMOS 6 DÍGITOS
   Leads: 8,282
   Vendas: 779
   Índices criados: emails=698 tel_full=657 last6=665
    Matching concluído: 74 matches (0.89%)
      Email: 57 | Tel: 13 | Last6: 4
[vendas] venda fechada imatura — puxando gateways 2026-09-01 → 2026-09-01 antes de montar (desligue com --sem-etl)
[vendas] ingerido por gateway: {'guru': 0, 'hotmart': 0, 'asaas': 0, 'boletex': 0, 'tmb': 2}

LF61  cap 2026-06-29→2026-07-05  vendas 2026-07-13→2026-07-19  estado=venda_fechada_imatura
referência 2026-08-31T06:34  fator 1.2000 (tracking)  crédito 0.4329  régua 5d158f0a
cadastros 9,589  unidades 19  campanhas 7
gasto Meta R$ 56,251.41  casado por unidade R$ 56,241.06  (100.0%)
sem criativo 147  macro quebrada 140  ids não resolvidos 0

⚠ PRODUTOS FORA DA RÉGUA (vendidos na janela, sem padrão no yaml):
   Acesso Fullstack Vitalício + ClubHub + Plano Dev  [boletex]  n=1  R$ 173.70
   Club Hub  [guru]  n=3  R$ 1,491.00
   Cobrança gerada automaticamente a partir de Pix recebido.  [boletex]  n=1  R$ 0.50
   DevClub - FS  [guru]  n=1  R$ 997.00
   FrontEnd Club  [guru]  n=1  R$ 597.00
   None  [asaas]  n=2  R$ 219.50
   None  [boletex]  n=1  R$ 120.75
   Operação 50k + Acesso Vitalício a Formação FullStack DevClub  [guru]  n=32  R$ 32,841.50
   Operação 50k + Acesso Vitalício ao DevClub  [tmb]  n=14  R$ 26,101.60
   Parcela 1 de 11  [boletex]  n=2  R$ 326.08
   Parcela 1 de 9  [boletex]  n=2  R$ 385.08
   → decidir com o dono se entram, antes de publicar faturamento.

teto (MEDIDO): 6 unidades julgáveis (corte ≥R$ 300 de gasto) — dentro 2 (R$ 2,658.55) · acima 4 (R$ 53,582.51)
  dentro: vendas 2  ROAS 0.73  lucro R$ -710.81  | bateu meta 0  lucro>1000 0  positivo 1
   acima: vendas 42  ROAS 1.28  lucro R$ 15,253.31  | bateu meta 0  lucro>1000 1  positivo 2
  Fisher p=0.7672  Mann-Whitney p=0.6385920776850198

separação do modelo por público (conversão D9-D10 vs D1-D8, respondentes):
  frio                   leads   7,162  topo 1.32%  base 0.70%  lift 1.88x
  Google                 leads     815  topo 1.89%  base 1.78%  lift 1.06x
  Meta, sem público no nome leads     163  topo 2.33%  base 1.30%  lift 1.79x
  orgânico / sem rastro  leads     142  topo 3.66%  base 6.67%  lift 0.55x

contrato congelado em docs/relatorios/_corrida/LF61/contrato.json  (41,998 bytes)
