[launch_calendar_reader] 31 LFs lidos da tabela (client_id=devclub)
 Buscando vendas Guru via API (2026-09-01 a 2026-09-01)
 Total de transações buscadas: 0
 Nenhuma venda retornada da API Guru
  guru:    0 vendas
 Carregando vendas Hotmart via API (2026-09-01 → 2026-09-01)
   0 transações brutas obtidas da API Hotmart
  hotmart: 0 vendas
 Buscando pagamentos Asaas de 2026-09-01 a 2026-09-01 (por clientPaymentDate)...
 Total de pagamentos pagos encontrados: 0
 Nenhum pagamento Asaas encontrado no período.
    Cache SAVED Asaas: asaas_2026-09-01_2026-09-01.parquet
  asaas:   0 vendas
 Buscando vendas Boletex via API (2026-09-01 → 2026-09-01)
 Boletex: 0 vendas brutas (2026-09-01 → 2026-09-01)
  boletex: 0 vendas
 Buscando vendas TMB via API (2026-09-01 → 2026-09-01)
[tmb_api] 2 pedidos Efetivados (2026-09-01→2026-09-01)
    Cache SAVED TMB API: tmb_api_2026-09-01_2026-09-01.parquet
  tmb:     2 vendas
Total carregado: 2 vendas → upsert em analytics.sales
[sales_store] {'attempted': 2, 'inserted': 0, 'skipped': 2, 'filtered': 0, 'intra_dup': 0, 'by_gateway': {'tmb': 2}}
ETL concluído: 0 inseridas, 2 já existiam (de 2). Por gateway: {'tmb': 2}
[launch_calendar_reader] 31 LFs lidos da tabela (client_id=devclub)
[ledger_connection] leitura do ledger via fonte=cloudsql
[criativo_historico] 768 criativos · 23 lançamentos fechados · 287328 leads · 2182 compradores
[teto_por_chave] 42 unidades campanha×conjunto×criativo
[teto_por_chave] tetos: 37 criativos · 19 campanhas · 42 unidades · 42 unidades-conjunto
 Matching unificado (VALIDAÇÃO) - EMAIL + TELEFONE + ÚLTIMOS 6 DÍGITOS
   Leads: 8,216
   Vendas: 882
   Índices criados: emails=823 tel_full=723 last6=730
    Matching concluído: 87 matches (1.06%)
      Email: 73 | Tel: 11 | Last6: 3
 Matching unificado (VALIDAÇÃO) - EMAIL + TELEFONE + ÚLTIMOS 6 DÍGITOS
   Leads: 9,634
   Vendas: 19
   Índices criados: emails=19 tel_full=19 last6=19
    Matching concluído: 8 matches (0.08%)
      Email: 6 | Tel: 2 | Last6: 0
[lancamento_unidades] 42 entradas do teto fundidas em 38 unidades reais (utm com id puro)
 Matching unificado (VALIDAÇÃO) - EMAIL + TELEFONE + ÚLTIMOS 6 DÍGITOS
   Leads: 70,649
   Vendas: 11
   Índices criados: emails=11 tel_full=11 last6=11
    Matching concluído: 6 matches (0.01%)
      Email: 5 | Tel: 1 | Last6: 0
[ledger_connection] leitura do ledger via fonte=cloudsql
 Matching unificado (VALIDAÇÃO) - EMAIL + TELEFONE + ÚLTIMOS 6 DÍGITOS
   Leads: 8,216
   Vendas: 600
   Índices criados: emails=567 tel_full=521 last6=527
    Matching concluído: 83 matches (1.01%)
      Email: 72 | Tel: 8 | Last6: 3
[vendas] venda fechada imatura — puxando gateways 2026-09-01 → 2026-09-01 antes de montar (desligue com --sem-etl)
[vendas] ingerido por gateway: {'guru': 0, 'hotmart': 0, 'asaas': 0, 'boletex': 0, 'tmb': 2}

LF63  cap 2026-07-13→2026-07-20  vendas 2026-07-27→2026-07-30  estado=venda_fechada_imatura
referência 2026-08-31T06:34  fator 1.2000 (tracking)  crédito 0.4329  régua 5d158f0a
cadastros 9,634  unidades 38  campanhas 14
gasto Meta R$ 51,718.85  casado por unidade R$ 50,084.48  (96.8%)
sem criativo 143  macro quebrada 111  ids não resolvidos 0

⚠ PRODUTOS FORA DA RÉGUA (vendidos na janela, sem padrão no yaml):
   (Desativado) DevClub - 2024  [tmb]  n=1  R$ 1,190.00
   FrontEnd Club  [hotmart]  n=1  R$ 552.21
   MBA IA e Automações para Negócios  [tmb]  n=1  R$ 4,830.00
   Parcela 1 de 9  [boletex]  n=1  R$ 191.54
   Parcela 2 de 11  [boletex]  n=1  R$ 163.54
   Parcela 2 de 11. Parcelamento 11x - Plano DevClub Padrão (inclui order bump)  [boletex]  n=1  R$ 269.75
   Parcela 2 de 8  [boletex]  n=1  R$ 211.89
   Parcela 2 de 9  [boletex]  n=1  R$ 192.54
   Parcela 3 de 11  [boletex]  n=1  R$ 6.55
   Quitação contrato.  [boletex]  n=1  R$ 1,386.00
   → decidir com o dono se entram, antes de publicar faturamento.

teto (MEDIDO): 7 unidades julgáveis (corte ≥R$ 300 de gasto) — dentro 2 (R$ 2,650.79) · acima 5 (R$ 46,675.87)
  dentro: vendas 1  ROAS 0.36  lucro R$ -1,684.29  | bateu meta 0  lucro>1000 0  positivo 0
   acima: vendas 3  ROAS 0.09  lucro R$ -42,528.47  | bateu meta 0  lucro>1000 0  positivo 0
  Fisher p=0.3071  Mann-Whitney p=0.6691408878405654

separação do modelo por público (conversão D9-D10 vs D1-D8, respondentes):
  frio                   leads   6,392  topo 1.07%  base 0.71%  lift 1.52x
  Google                 leads   1,559  topo 1.90%  base 1.20%  lift 1.58x
  orgânico / sem rastro  leads     146  topo 4.17%  base 8.00%  lift 0.52x
  Meta, sem público no nome leads     119  topo 1.45%  base 2.00%  lift 0.72x

contrato congelado em docs/relatorios/_corrida/LF63/contrato.json  (67,532 bytes)
