[launch_calendar_reader] 31 LFs lidos da tabela (client_id=devclub)
 Buscando vendas Guru via API (2026-09-01 a 2026-09-01)
 Total de transações buscadas: 0
 Nenhuma venda retornada da API Guru
  guru:    0 vendas
 Carregando vendas Hotmart via API (2026-09-01 → 2026-09-01)
   0 transações brutas obtidas da API Hotmart
  hotmart: 0 vendas
 Buscando pagamentos Asaas de 2026-09-01 a 2026-09-01 (por clientPaymentDate)...
 Total de pagamentos pagos encontrados: 0
 Nenhum pagamento Asaas encontrado no período.
    Cache SAVED Asaas: asaas_2026-09-01_2026-09-01.parquet
  asaas:   0 vendas
 Buscando vendas Boletex via API (2026-09-01 → 2026-09-01)
 Boletex: 0 vendas brutas (2026-09-01 → 2026-09-01)
  boletex: 0 vendas
 Buscando vendas TMB via API (2026-09-01 → 2026-09-01)
[tmb_api] 2 pedidos Efetivados (2026-09-01→2026-09-01)
    Cache SAVED TMB API: tmb_api_2026-09-01_2026-09-01.parquet
  tmb:     2 vendas
Total carregado: 2 vendas → upsert em analytics.sales
[sales_store] {'attempted': 2, 'inserted': 0, 'skipped': 2, 'filtered': 0, 'intra_dup': 0, 'by_gateway': {'tmb': 2}}
ETL concluído: 0 inseridas, 2 já existiam (de 2). Por gateway: {'tmb': 2}
[launch_calendar_reader] 31 LFs lidos da tabela (client_id=devclub)
[ledger_connection] leitura do ledger via fonte=cloudsql
[criativo_historico] 863 criativos · 27 lançamentos fechados · 339592 leads · 2573 compradores
[teto_por_chave] 92 unidades campanha×conjunto×criativo
[teto_por_chave] tetos: 49 criativos · 21 campanhas · 88 unidades · 92 unidades-conjunto
 Matching unificado (VALIDAÇÃO) - EMAIL + TELEFONE + ÚLTIMOS 6 DÍGITOS
   Leads: 5,587
   Vendas: 194
   Índices criados: emails=179 tel_full=131 last6=131
    Matching concluído: 42 matches (0.75%)
      Email: 36 | Tel: 5 | Last6: 1
 Matching unificado (VALIDAÇÃO) - EMAIL + TELEFONE + ÚLTIMOS 6 DÍGITOS
   Leads: 6,656
   Vendas: 62
   Índices criados: emails=59 tel_full=40 last6=40
    Matching concluído: 45 matches (0.68%)
      Email: 40 | Tel: 5 | Last6: 0
 Matching unificado (VALIDAÇÃO) - EMAIL + TELEFONE + ÚLTIMOS 6 DÍGITOS
   Leads: 107,277
   Vendas: 15
   Índices criados: emails=15 tel_full=6 last6=6
    Matching concluído: 2 matches (0.00%)
      Email: 1 | Tel: 1 | Last6: 0
[ledger_connection] leitura do ledger via fonte=cloudsql
 Matching unificado (VALIDAÇÃO) - EMAIL + TELEFONE + ÚLTIMOS 6 DÍGITOS
   Leads: 5,587
   Vendas: 194
   Índices criados: emails=179 tel_full=131 last6=131
    Matching concluído: 42 matches (0.75%)
      Email: 36 | Tel: 5 | Last6: 1
[vendas] venda aberta — puxando gateways 2026-09-01 → 2026-09-01 antes de montar (desligue com --sem-etl)
[vendas] ingerido por gateway: {'guru': 0, 'hotmart': 0, 'asaas': 0, 'boletex': 0, 'tmb': 2}

LF65  cap 2026-08-18→2026-08-24  vendas 2026-08-31→2026-09-06  estado=venda_aberta
referência 2026-08-31T06:34  fator 1.2000 (tracking)  crédito 0.4329  régua 5d158f0a
cadastros 6,656  unidades 88  campanhas 21
gasto Meta R$ 48,582.30  casado por unidade R$ 47,739.08  (98.3%)
sem criativo 109  macro quebrada 61  ids não resolvidos 0

⚠ PRODUTOS FORA DA RÉGUA (vendidos na janela, sem padrão no yaml):
   DevClub Vitalício  [tmb]  n=1  R$ 1,100.00
   Multa 10% quebra contrato.  [boletex]  n=1  R$ 197.49
   None  [asaas]  n=2  R$ 416.49
   Parcela 1 de 12.  [boletex]  n=3  R$ 8,576.00
   → decidir com o dono se entram, antes de publicar faturamento.

teto (MEDIDO): 26 unidades julgáveis (corte ≥R$ 300 de gasto) — dentro 2 (R$ 2,945.57) · acima 24 (R$ 42,060.78)
  dentro: vendas 1  ROAS 0.41  lucro R$ -1,723.57  | bateu meta 0  lucro>1000 0  positivo 0
   acima: vendas 29  ROAS 1.07  lucro R$ 2,975.69  | bateu meta 5  lucro>1000 6  positivo 9
  Fisher p=0.2471  Mann-Whitney p=0.8341149529029597

separação do modelo por público (conversão D9-D10 vs D1-D8, respondentes):
  frio                   leads   4,326  topo 1.19%  base 0.54%  lift 2.19x
  Google                 leads   1,078  topo 2.14%  base 0.53%  lift 4.02x
  orgânico / sem rastro  leads      94  topo 2.33%  base 0.00%  lift —
  Meta, sem público no nome leads      89  topo 0.00%  base 0.00%  lift —
  frio                   leads   4,326  topo 0.98%  base 0.64%  lift 1.53x
  Google                 leads   1,078  topo 1.02%  base 1.02%  lift 1.00x
  orgânico / sem rastro  leads      94  topo 3.23%  base 0.00%  lift —
  Meta, sem público no nome leads      89  topo 0.00%  base 0.00%  lift —
lucro por decil: top30 Champion R$ 18,867 (1438 leads)

contrato congelado em docs/relatorios/lf65_resultado/contrato.json  (128,842 bytes)
ações geradas: docs/relatorios/lf65_resultado/conclusao.html (molde acoes_template.html)
comparativo: /Users/ramonmoreira/Desktop/bring_data/V2/docs/relatorios/lf65_resultado/comparativo.html  (2,735 bytes)
xlsx:   docs/relatorios/lf65_resultado/criativos_por_tipo_lf65.xlsx  (42 linhas, completo, formatado)
painel: docs/relatorios/lf65_resultado/painel_lf65.html  (44,510 bytes)
✓ painel do LF65 em docs/relatorios/lf65_resultado
